// Jest Snapshot v1, https://goo.gl/fbAQLP

exports[`matches snapshot 1`] = `
<DocumentFragment>
  <div>
    <form
      class="NewTodoForm"
    >
      <label
        for="todoTask"
      >
        Todo
      </label>
      <input
        id="todoTask"
        name="todoTask"
        placeholder="Add Todo Item"
        type="text"
        value=""
      />
      <button>
        Add
      </button>
    </form>
    <div
      class="Todo"
    >
      <li>
        Walk the dog
      </li>
      <button>
        Edit
      </button>
      <button>
        X
      </button>
    </div>
  </div>
</DocumentFragment>
`;
